2025-03-08 17:20:05,134 - INFO - after load None
2025-03-08 17:20:05,134 - INFO - g_case_list size: 1
2025-03-08 17:20:05,134 - INFO - test_ceart_order (test_main.Testorder.test_ceart_order)


2025-03-08 17:20:05,134 - INFO - {'version': '1.6.0', 'revision': '33ce5b50b34ec18c51c054a7cc1bdfb3ab0a451b', 'branch': 'master', 'update_at': '2024-10-09 21:08:56'}
2025-03-08 17:20:11,564 - INFO - 第 1 次下单
2025-03-08 17:20:11,662 - INFO - 请手动识别机柜二维码
2025-03-08 17:20:20,502 - INFO - 已点击确认vip手机号
2025-03-08 17:20:23,611 - INFO - 仅有一种柜门类型
2025-03-08 17:20:26,892 - INFO - 同意隐私协议
2025-03-08 17:20:26,938 - INFO - 输入密码1111
2025-03-08 17:20:27,005 - INFO - 已点击确认下单
2025-03-08 17:20:27,131 - INFO - 已点击二次确认下单
2025-03-08 17:54:50,095 - INFO - after load None
2025-03-08 17:54:50,095 - INFO - g_case_list size: 1
2025-03-08 17:54:50,095 - INFO - test_ceart_order (test_main.Testorder.test_ceart_order)


2025-03-08 17:54:50,095 - INFO - {'version': '1.6.0', 'revision': '33ce5b50b34ec18c51c054a7cc1bdfb3ab0a451b', 'branch': 'master', 'update_at': '2024-10-09 21:08:56'}
2025-03-08 17:54:55,548 - INFO - 第 1 次下单
2025-03-08 17:54:55,622 - INFO - 请手动识别机柜二维码
2025-03-08 17:55:03,980 - INFO - 已点击确认vip手机号
2025-03-08 17:55:07,096 - INFO - 仅有一种柜门类型
2025-03-08 17:55:10,373 - INFO - 同意隐私协议
2025-03-08 17:55:10,425 - INFO - 输入密码1111
2025-03-08 17:55:10,500 - INFO - 已点击确认下单
2025-03-08 17:55:10,871 - INFO - 已点击二次确认下单
